// Jest Snapshot v1, https://goo.gl/fbAQLP

exports[`AddTodoPanel Renders 1`] = `ShallowWrapper {}`;
